2026-09-15 14:39:59.742 [main] INFO  org.springframework.test.context.support.AnnotationConfigContextLoaderUtils - Could not detect default configuration classes for test class [com.employeemanagement.EmployeeManagementApplicationTests]: EmployeeManagementApplicationTests does not declare any static, non-private, non-final, nested classes annotated with @Configuration.
2026-09-15 14:39:59.777 [main] INFO  org.springframework.boot.test.context.SpringBootTestContextBootstrapper - Found @SpringBootConfiguration com.employeemanagement.EmployeeManagementApplication for test class com.employeemanagement.EmployeeManagementApplicationTests
2026-09-15 14:39:59.806 [main] INFO  org.springframework.test.context.support.AnnotationConfigContextLoaderUtils - Could not detect default configuration classes for test class [com.employeemanagement.EmployeeManagementApplicationTests]: EmployeeManagementApplicationTests does not declare any static, non-private, non-final, nested classes annotated with @Configuration.
2026-09-15 14:39:59.807 [main] INFO  org.springframework.boot.test.context.SpringBootTestContextBootstrapper - Found @SpringBootConfiguration com.employeemanagement.EmployeeManagementApplication for test class com.employeemanagement.EmployeeManagementApplicationTests
2026-09-15 14:39:59.840 [main] INFO  org.springframework.boot.devtools.restart.RestartApplicationListener - Restart disabled due to context in which it is running
2026-09-15 15:10:13.949 [main] INFO  org.springframework.test.context.support.AnnotationConfigContextLoaderUtils - Could not detect default configuration classes for test class [com.employeemanagement.ValidProbeTest]: ValidProbeTest does not declare any static, non-private, non-final, nested classes annotated with @Configuration.
2026-09-15 15:10:13.988 [main] INFO  org.springframework.boot.test.context.SpringBootTestContextBootstrapper - Found @SpringBootConfiguration com.employeemanagement.EmployeeManagementApplication for test class com.employeemanagement.ValidProbeTest
2026-09-15 15:10:13.988 [main] INFO  org.springframework.test.context.support.AnnotationConfigContextLoaderUtils - Could not detect default configuration classes for test class [com.employeemanagement.ValidProbeTest]: ValidProbeTest does not declare any static, non-private, non-final, nested classes annotated with @Configuration.
2026-09-15 15:10:13.992 [main] INFO  org.springframework.boot.test.context.SpringBootTestContextBootstrapper - Found @SpringBootConfiguration com.employeemanagement.EmployeeManagementApplication for test class com.employeemanagement.ValidProbeTest
2026-09-15 15:10:14.017 [main] INFO  org.springframework.boot.devtools.restart.RestartApplicationListener - Restart disabled due to context in which it is running
2026-09-15 15:10:32.518 [main] INFO  org.springframework.test.context.support.AnnotationConfigContextLoaderUtils - Could not detect default configuration classes for test class [com.employeemanagement.ValidProbeTest]: ValidProbeTest does not declare any static, non-private, non-final, nested classes annotated with @Configuration.
2026-09-15 15:10:32.558 [main] INFO  org.springframework.boot.test.context.SpringBootTestContextBootstrapper - Found @SpringBootConfiguration com.employeemanagement.EmployeeManagementApplication for test class com.employeemanagement.ValidProbeTest
2026-09-15 15:10:32.559 [main] INFO  org.springframework.test.context.support.AnnotationConfigContextLoaderUtils - Could not detect default configuration classes for test class [com.employeemanagement.ValidProbeTest]: ValidProbeTest does not declare any static, non-private, non-final, nested classes annotated with @Configuration.
2026-09-15 15:10:32.563 [main] INFO  org.springframework.boot.test.context.SpringBootTestContextBootstrapper - Found @SpringBootConfiguration com.employeemanagement.EmployeeManagementApplication for test class com.employeemanagement.ValidProbeTest
2026-09-15 15:10:32.591 [main] INFO  org.springframework.boot.devtools.restart.RestartApplicationListener - Restart disabled due to context in which it is running
2026-09-15 15:10:49.501 [main] INFO  org.springframework.test.context.support.AnnotationConfigContextLoaderUtils - Could not detect default configuration classes for test class [com.employeemanagement.ValidProbeTest]: ValidProbeTest does not declare any static, non-private, non-final, nested classes annotated with @Configuration.
2026-09-15 15:10:49.537 [main] INFO  org.springframework.boot.test.context.SpringBootTestContextBootstrapper - Found @SpringBootConfiguration com.employeemanagement.EmployeeManagementApplication for test class com.employeemanagement.ValidProbeTest
2026-09-15 15:10:49.538 [main] INFO  org.springframework.test.context.support.AnnotationConfigContextLoaderUtils - Could not detect default configuration classes for test class [com.employeemanagement.ValidProbeTest]: ValidProbeTest does not declare any static, non-private, non-final, nested classes annotated with @Configuration.
2026-09-15 15:10:49.542 [main] INFO  org.springframework.boot.test.context.SpringBootTestContextBootstrapper - Found @SpringBootConfiguration com.employeemanagement.EmployeeManagementApplication for test class com.employeemanagement.ValidProbeTest
2026-09-15 15:10:49.569 [main] INFO  org.springframework.boot.devtools.restart.RestartApplicationListener - Restart disabled due to context in which it is running
2026-09-15 15:11:11.123 [main] INFO  org.springframework.test.context.support.AnnotationConfigContextLoaderUtils - Could not detect default configuration classes for test class [com.employeemanagement.ValidProbeTest]: ValidProbeTest does not declare any static, non-private, non-final, nested classes annotated with @Configuration.
2026-09-15 15:11:11.161 [main] INFO  org.springframework.boot.test.context.SpringBootTestContextBootstrapper - Found @SpringBootConfiguration com.employeemanagement.EmployeeManagementApplication for test class com.employeemanagement.ValidProbeTest
2026-09-15 15:11:11.162 [main] INFO  org.springframework.test.context.support.AnnotationConfigContextLoaderUtils - Could not detect default configuration classes for test class [com.employeemanagement.ValidProbeTest]: ValidProbeTest does not declare any static, non-private, non-final, nested classes annotated with @Configuration.
2026-09-15 15:11:11.166 [main] INFO  org.springframework.boot.test.context.SpringBootTestContextBootstrapper - Found @SpringBootConfiguration com.employeemanagement.EmployeeManagementApplication for test class com.employeemanagement.ValidProbeTest
2026-09-15 15:11:11.193 [main] INFO  org.springframework.boot.devtools.restart.RestartApplicationListener - Restart disabled due to context in which it is running
2026-09-15 15:12:25.581 [main] INFO  org.springframework.test.context.support.AnnotationConfigContextLoaderUtils - Could not detect default configuration classes for test class [com.employeemanagement.EmployeeControllerValidationTest]: EmployeeControllerValidationTest does not declare any static, non-private, non-final, nested classes annotated with @Configuration.
2026-09-15 15:12:25.617 [main] INFO  org.springframework.boot.test.context.SpringBootTestContextBootstrapper - Found @SpringBootConfiguration com.employeemanagement.EmployeeManagementApplication for test class com.employeemanagement.EmployeeControllerValidationTest
2026-09-15 15:12:25.618 [main] INFO  org.springframework.test.context.support.AnnotationConfigContextLoaderUtils - Could not detect default configuration classes for test class [com.employeemanagement.EmployeeControllerValidationTest]: EmployeeControllerValidationTest does not declare any static, non-private, non-final, nested classes annotated with @Configuration.
2026-09-15 15:12:25.622 [main] INFO  org.springframework.boot.test.context.SpringBootTestContextBootstrapper - Found @SpringBootConfiguration com.employeemanagement.EmployeeManagementApplication for test class com.employeemanagement.EmployeeControllerValidationTest
2026-09-15 15:12:25.648 [main] INFO  org.springframework.boot.devtools.restart.RestartApplicationListener - Restart disabled due to context in which it is running
